case_076 1 single 6183098
case_014 1 single 17689602
case_091 1 single 9168820
case_072 1 single 23890756
case_087 1 single 3969779
case_025 1 single 4863026
case_062 1 single 2854809
case_085 1 single 3187899
case_079 1 single 31052251
case_028 1 single 43836040
case_058 1 single 4539717
case_041 1 single 6001575
case_054 1 single 815051
case_092 1 single 4333631
case_016 1 single 7715523
case_084 1 single 2507412
case_047 1 single 326508
case_053 1 single 1428109
case_003 1 single 602212
case_043 1 single 677656
case_030 1 single 2807891
case_063 1 single 1070397
case_097 1 single 11491509
case_056 1 single 277285
case_067 1 single 63834834
case_099 1 single 1618902
case_075 1 single 1441809
case_020 1 single 532746
case_038 1 single 1363312
case_031 1 single 1414159
case_039 1 single 1435262
case_060 1 single 887801
case_066 1 single 359070
case_095 1 single 2084853
case_068 1 single 362095
case_009 1 single 153261
case_024 1 single 2555343
case_086 1 single 118403
case_042 1 single 1675633
case_089 1 single 693092
case_007 1 single 1012562
case_073 1 single 10081626
case_077 1 single 495320
case_021 1 single 6558837
case_081 1 single 151795
case_050 1 single 149690
case_034 1 single 842733
case_082 1 single 721041
case_005 1 single 95618
case_049 1 single 196276
case_074 1 single 1678120
case_036 1 single 931510
case_033 1 single 1774080
case_035 1 single 169571
case_059 1 single 815938
case_013 1 single 263949
case_083 1 single 946145
case_018 1 single 1003110
case_088 1 single 243623
case_040 1 single 253454
case_002 1 single 261945
case_027 1 single 2359515
case_048 1 single 222220
case_045 1 single 125614
case_017 1 single 162810
case_090 1 single 1178363
case_100 1 single 151223
case_080 1 single 291826
case_008 1 single 487605
case_044 1 single 107814
case_022 1 single 56780
case_098 1 single 177430
case_051 1 single 607628
case_061 1 single 77191
case_055 1 single 118835
case_070 1 single 117300
case_052 1 single 180301
case_096 1 single 84194
case_012 1 single 59088
case_015 1 single 177362
case_029 1 single 37555
case_023 1 single 122614
case_069 1 single 25144
case_078 1 single 2296143
case_046 1 single 244994
case_037 1 single 210001
case_004 1 single 392357
case_001 1 single 233110
case_064 1 single 19116
case_057 1 single 59726
case_093 1 single 74205
case_032 1 single 41443
case_011 1 single 184697
case_071 1 single 18919
case_065 1 single 53068
case_006 1 single 82837
case_094 1 single 94892
case_010 1 single 86969
case_026 1 single 99203
case_019 1 single 81144
case_014 4 pB 4434723
case_014 3 pB 5932257
case_014 2 pB 8807255
case_076 2 pB 3086197
case_076 3 pB 2056815
case_014 5 pB 3536570
case_076 4 pB 1551218
case_076 5 pB 1256802
case_091 2 pB 4576301
case_091 3 pB 3066477
case_091 4 pB 2302433
case_091 5 pB 1857020
case_072 2 pB 11839532
case_072 3 pB 7926822
case_072 4 pB 5916394
case_087 2 pB 1984180
case_072 5 pB 4805934
case_087 3 pB 1320658
case_087 4 pB 1002417
case_025 2 pB 2431840
case_087 5 pB 807096
case_025 4 pB 1217470
case_025 5 pB 975360
case_025 3 pB 1622164
case_062 4 pB 736761
case_062 3 pB 954913
case_062 2 pB 1429109
case_062 5 pB 604983
case_079 2 pB 15160566
case_079 3 pB 9992336
case_079 4 pB 7448251
case_079 5 pB 6046135
case_085 2 pB 1623338
case_085 4 pB 981848
case_085 3 pB 1216102
case_085 5 pB 826216
case_028 3 pB 13465038
case_028 2 pB 20178864
case_028 4 pB 10143667
case_058 2 pB 2220044
case_058 3 pB 1526307
case_058 4 pB 1135453
case_028 5 pB 8240310
case_058 5 pB 948039
case_041 2 pB 2985015
case_041 3 pB 2004543
case_041 4 pB 1498942
case_041 5 pB 1194392
case_092 2 pB 2046992
case_092 3 pB 1435331
case_092 4 pB 1130467
case_092 5 pB 964933
case_016 2 pB 4799762
case_016 3 pB 3681764
case_016 4 pB 2247954
case_016 5 pB 2238798
case_054 2 pB 437905
case_054 3 pB 328576
case_054 4 pB 265260
case_084 2 pB 686504
case_054 5 pB 219562
case_084 3 pB 563473
case_084 4 pB 384094
case_084 5 pB 384094
case_047 3 pB 125303
case_047 4 pB 112496
case_047 2 pB 192860
case_047 5 pB 98269
case_003 3 pB 235919
case_003 4 pB 196840
case_003 2 pB 308747
case_003 5 pB 174202
case_053 4 pB 438991
case_053 2 pB 704390
case_053 3 pB 521994
case_053 5 pB 339832
case_030 2 pB 1402710
case_030 3 pB 941995
case_030 4 pB 706838
case_030 5 pB 564152
case_043 2 pB 333725
case_043 3 pB 271072
case_043 4 pB 230315
case_043 5 pB 190984
case_063 2 pB 537534
case_063 3 pB 361898
case_063 4 pB 278870
case_063 5 pB 226140
case_067 2 pB 29801838
case_067 3 pB 19819431
case_067 4 pB 14860471
case_097 2 pB 5152906
case_097 3 pB 3437689
case_097 4 pB 2577788
case_067 5 pB 11974418
case_056 2 pB 151969
case_056 3 pB 117846
case_097 5 pB 2064506
case_056 4 pB 105572
case_056 5 pB 82733
case_075 2 pB 741981
case_075 3 pB 574788
case_075 4 pB 435917
case_099 2 pB 807949
case_099 3 pB 542514
case_075 5 pB 380456
case_099 4 pB 405760
case_020 2 pB 266580
case_099 5 pB 331201
case_020 3 pB 177950
case_020 4 pB 133704
case_020 5 pB 107726
case_038 3 pB 455607
case_038 2 pB 669890
case_038 4 pB 336840
case_038 5 pB 274214
case_031 3 pB 472498
case_031 2 pB 700285
case_031 4 pB 355012
case_031 5 pB 282180
case_039 2 pB 713410
case_039 3 pB 478152
case_039 4 pB 370849
case_039 5 pB 327297
case_060 2 pB 422855
case_060 3 pB 291593
case_060 4 pB 215400
case_060 5 pB 172541
case_066 2 pB 190523
case_066 3 pB 146010
case_066 4 pB 128818
case_066 5 pB 101830
case_095 2 pB 573788
case_095 3 pB 474232
case_095 5 pB 417954
case_095 4 pB 474232
case_009 2 pB 86728
case_009 4 pB 55110
case_009 3 pB 62916
case_009 5 pB 46609
case_068 2 pB 194280
case_068 3 pB 157607
case_068 4 pB 124689
case_068 5 pB 111406
case_024 2 pB 1572897
case_024 3 pB 1212153
case_024 4 pB 748962
case_024 5 pB 745110
case_042 2 pB 828101
case_042 3 pB 560553
case_042 4 pB 418743
case_042 5 pB 338945
case_086 2 pB 65069
case_086 3 pB 52731
case_086 4 pB 46432
case_086 5 pB 40027
case_089 2 pB 303597
case_089 4 pB 165384
case_089 5 pB 135556
case_089 3 pB 218760
case_007 2 pB 507494
case_007 3 pB 338094
case_007 4 pB 254398
case_007 5 pB 203834
case_073 3 pB 2799164
case_073 2 pB 4156535
case_073 4 pB 2139350
case_077 2 pB 239218
case_073 5 pB 1767532
case_077 3 pB 165380
case_077 4 pB 123194
case_077 5 pB 115927
case_021 2 pB 3147031
case_021 4 pB 1550324
case_021 3 pB 2149156
case_081 2 pB 76860
case_021 5 pB 1248680
case_081 3 pB 51943
case_081 4 pB 39605
case_081 5 pB 30943
case_050 2 pB 80644
case_050 3 pB 59258
case_050 4 pB 52142
case_050 5 pB 44373
case_034 3 pB 276722
case_034 2 pB 416504
case_034 4 pB 210803
case_034 5 pB 162412
case_082 3 pB 276803
case_082 2 pB 382501
case_082 4 pB 227745
case_082 5 pB 199714
case_005 3 pB 45048
case_005 2 pB 54071
case_005 4 pB 36693
case_005 5 pB 34163
case_049 2 pB 111141
case_049 3 pB 79235
case_049 4 pB 64946
case_049 5 pB 60364
case_074 3 pB 549613
case_074 2 pB 805355
case_074 4 pB 412797
case_074 5 pB 330137
case_036 2 pB 466068
case_036 3 pB 311345
case_036 4 pB 233584
case_036 5 pB 187182
case_033 2 pB 884064
case_033 3 pB 602296
case_033 4 pB 441214
case_033 5 pB 358218
case_035 2 pB 95406
case_035 3 pB 87941
case_035 4 pB 74603
case_035 5 pB 60225
case_083 4 pB 258782
case_083 2 pB 417531
case_083 3 pB 307811
case_059 2 pB 369318
case_083 5 pB 258782
case_059 4 pB 185216
case_059 5 pB 150736
case_059 3 pB 246737
case_013 2 pB 132198
case_013 3 pB 88351
case_013 4 pB 67017
case_013 5 pB 54468
case_088 3 pB 105137
case_088 4 pB 87194
case_088 2 pB 134282
case_018 3 pB 338555
case_018 2 pB 499957
case_088 5 pB 79799
case_018 5 pB 203149
case_018 4 pB 252716
case_040 2 pB 122362
case_040 4 pB 110105
case_040 3 pB 110105
case_040 5 pB 103614
case_002 4 pB 69692
case_002 3 pB 90143
case_002 2 pB 125718
case_002 5 pB 55812
case_027 2 pB 1115722
case_027 3 pB 744671
case_027 4 pB 559196
case_027 5 pB 449121
case_048 2 pB 135551
case_048 3 pB 111394
case_048 4 pB 102597
case_048 5 pB 96020
case_090 2 pB 424812
case_090 3 pB 312799
case_090 4 pB 280217
case_090 5 pB 280217
case_045 2 pB 63059
case_045 3 pB 42304
case_045 4 pB 32037
case_045 5 pB 25860
case_017 2 pB 75942
case_017 3 pB 48286
case_017 4 pB 37456
case_017 5 pB 31908
case_100 2 pB 75418
case_100 3 pB 52573
case_100 4 pB 43382
case_100 5 pB 39447
case_080 3 pB 101509
case_080 2 pB 145674
case_080 4 pB 93405
case_080 5 pB 82233
case_008 2 pB 136244
case_008 3 pB 110229
case_008 5 pB 100603
case_008 4 pB 104264
case_044 4 pB 43890
case_044 2 pB 44006
case_044 3 pB 44006
case_044 5 pB 43890
case_022 2 pB 28463
case_022 3 pB 19072
case_022 5 pB 11810
case_022 4 pB 14631
case_098 2 pB 89620
case_098 3 pB 72316
case_098 4 pB 70969
case_098 5 pB 56013
case_051 2 pB 356188
case_051 3 pB 277439
case_051 4 pB 183178
case_061 2 pB 42926
case_051 5 pB 182401
case_061 3 pB 29137
case_061 4 pB 23376
case_061 5 pB 20507
case_055 2 pB 56378
case_055 3 pB 33935
case_055 4 pB 30337
case_055 5 pB 21601
case_070 3 pB 39158
case_070 2 pB 58006
case_070 4 pB 29048
case_070 5 pB 25221
case_052 2 pB 78931
case_052 3 pB 56838
case_052 4 pB 44560
case_052 5 pB 37894
case_096 2 pB 31751
case_096 3 pB 24646
case_096 4 pB 22017
case_096 5 pB 22017
case_012 3 pB 19596
case_012 2 pB 26370
case_012 4 pB 14530
case_012 5 pB 12351
case_015 3 pB 60250
case_015 2 pB 86830
case_029 2 pB 19740
case_015 4 pB 48512
case_015 5 pB 37422
case_029 3 pB 12743
case_029 5 pB 8321
case_029 4 pB 9886
case_023 3 pB 31979
case_023 4 pB 31365
case_023 2 pB 49591
case_023 5 pB 25493
case_078 2 pB 1028424
case_078 3 pB 691202
case_078 4 pB 519213
case_069 2 pB 14269
case_078 5 pB 475392
case_069 3 pB 11438
case_069 4 pB 10775
case_069 5 pB 10775
case_046 2 pB 107387
case_046 3 pB 80389
case_046 4 pB 78779
case_046 5 pB 74273
case_037 2 pB 105374
case_037 3 pB 74038
case_037 4 pB 53320
case_037 5 pB 43013
case_004 2 pB 198622
case_004 3 pB 130926
case_004 4 pB 104188
case_001 2 pB 116868
case_004 5 pB 85093
case_001 3 pB 78545
case_001 4 pB 58984
case_001 5 pB 47502
case_064 2 pB 12692
case_064 3 pB 9405
case_064 4 pB 8063
case_064 5 pB 8063
case_057 2 pB 29738
case_057 3 pB 21014
case_057 4 pB 16122
case_057 5 pB 14347
case_032 2 pB 18904
case_032 3 pB 12830
case_032 4 pB 10733
case_032 5 pB 10733
case_093 2 pB 37827
case_093 3 pB 25103
case_093 4 pB 19779
case_093 5 pB 15876
case_011 2 pB 92646
case_011 3 pB 63957
case_011 4 pB 46880
case_011 5 pB 46880
case_065 2 pB 24941
case_065 3 pB 18213
case_065 4 pB 13476
case_065 5 pB 10619
case_071 2 pB 11196
case_071 3 pB 9767
case_071 4 pB 8978
case_071 5 pB 7496
case_006 2 pB 38822
case_006 3 pB 31151
case_006 4 pB 24769
case_006 5 pB 22041
case_094 2 pB 42839
case_094 3 pB 30945
case_094 5 pB 18673
case_094 4 pB 24935
case_010 2 pB 40554
case_010 3 pB 28455
case_010 4 pB 24331
case_010 5 pB 24331
case_026 2 pB 51664
case_026 3 pB 37331
case_026 4 pB 35877
case_026 5 pB 35877
case_019 2 pB 27791
case_019 3 pB 21463
case_019 4 pB 16549
case_019 5 pB 13947
